<?xml version="1.0" encoding="UTF-8"?>
<testsuites name="QA Challenge" tests="3" time="0.912">
  <testsuite name="api / v1 / auth / register / Login with email and password" id="d81d76d8-a9bd-4dfc-a948-0b66a5d69be3" timestamp="2026-10-01T23:50:02.590Z" tests="3" failures="0" errors="0" time="0.780">
    <testcase name="Status code is 200" time="0.780" classname="ApiV1AuthRegisterLoginWithEmailAndPassword"/>
    <testcase name="Login success flag" time="0.780" classname="ApiV1AuthRegisterLoginWithEmailAndPassword"/>
    <testcase name="Email is verified" time="0.780" classname="ApiV1AuthRegisterLoginWithEmailAndPassword"/>
  </testsuite>
  <testsuite name="api / v1 / auth / register / Get user profile" id="e7be6adb-ede1-40bb-816f-36cb7615f13f" timestamp="2026-10-01T23:50:02.590Z" tests="8" failures="0" errors="0" time="0.068">
    <testcase name="Status code is 200" time="0.068" classname="ApiV1AuthRegisterGetUserProfile"/>
    <testcase name="User email matches saved variable" time="0.068" classname="ApiV1AuthRegisterGetUserProfile"/>
    <testcase name="User ID matches saved variable" time="0.068" classname="ApiV1AuthRegisterGetUserProfile"/>
    <testcase name="First Name matches saved variable" time="0.068" classname="ApiV1AuthRegisterGetUserProfile"/>
    <testcase name="Last Name matches saved variable" time="0.068" classname="ApiV1AuthRegisterGetUserProfile"/>
    <testcase name="Check if email is verified" time="0.068" classname="ApiV1AuthRegisterGetUserProfile"/>
    <testcase name="Response time is less than 600ms" time="0.068" classname="ApiV1AuthRegisterGetUserProfile"/>
    <testcase name="Response matches profile schema" time="0.068" classname="ApiV1AuthRegisterGetUserProfile"/>
  </testsuite>
  <testsuite name="api / v1 / auth / register / Update user profile" id="08704dec-e55c-4a56-b7ba-d5d5f59a60ac" timestamp="2026-10-01T23:50:02.590Z" tests="2" failures="0" errors="0" time="0.064">
    <testcase name="Status code is 200" time="0.064" classname="ApiV1AuthRegisterUpdateUserProfile"/>
    <testcase name="Response time is less than 600ms" time="0.064" classname="ApiV1AuthRegisterUpdateUserProfile"/>
  </testsuite>
</testsuites>